<html>
<body>
<pre>
<h1>µVision Build Log</h1>
<h2>Tool Versions:</h2>
IDE-Version: ¦ÌVision V5.27.1.0
Copyright (C) 2019 ARM Ltd and ARM Germany GmbH. All rights reserved.
License Information: 1 Administrator, 1, LIC=65ITG-VUZKR-UH58H-W9039-LM23G-Y2974
 
Tool Versions:
Toolchain:       MDK-ARM Plus  Version: 5.27.1.0
Toolchain Path:  D:\Keil_v5\ARM\ARMCC\Bin
C Compiler:      Armcc.exe V5.06 update 6 (build 750)
Assembler:       Armasm.exe V5.06 update 6 (build 750)
Linker/Locator:  ArmLink.exe V5.06 update 6 (build 750)
Library Manager: ArmAr.exe V5.06 update 6 (build 750)
Hex Converter:   FromElf.exe V5.06 update 6 (build 750)
CPU DLL:         SARMCM3.DLL V5.27.1.0
Dialog DLL:      DCM.DLL V1.17.2.0
Target DLL:      STLink\ST-LINKIII-KEIL_SWO.dll V3.0.6.0
Dialog DLL:      TCM.DLL V1.36.1.0
 
<h2>Project:</h2>
E:\Project\H750_TouchGFX\H750_Proj\MDK-ARM\H750_Proj.uvprojx
Project File Date:  04/25/2020

<h2>Output:</h2>
*** Using Compiler 'V5.06 update 6 (build 750)', folder: 'D:\Keil_v5\ARM\ARMCC\Bin'
*** Warning: You are compiling one or more files of source type C++ and have selected 'use MicroLIB'. MicroLIB does not support C++!
  
Build target 'H750_Proj'
assembling startup_stm32h750xx.s...
compiling i2c.c...
compiling gpio.c...
compiling dma2d.c...
compiling fmc.c...
compiling crc.c...
compiling freertos.c...
compiling main.c...
compiling ltdc.c...
compiling TouchGFXGPIO.cpp...
compiling app_touchgfx.c...
compiling quadspi.c...
../Src/quadspi.c(203): warning:  #940-D: missing return statement at end of non-void function "QSPI_Transmit" 
  }
../Src/quadspi.c: 1 warning, 0 errors
compiling STM32TouchController.cpp...
D:/Keil_v5/ARM/ARMCLANG/include/stdbool.h(12): warning:  #47-D: incompatible redefinition of macro "__ARMCLIB_VERSION"  (declared at line 28 of "D:\Keil_v5\ARM\ARMCC\Bin\..\include\math.h")
  #define __ARMCLIB_VERSION 6120001
../Src/STM32TouchController.cpp: 1 warning, 0 errors
compiling TouchGFXHAL.cpp...
compiling STM32DMA.cpp...
compiling OSWrappers.cpp...
compiling TouchGFXGeneratedHAL.cpp...
compiling TouchGFXConfiguration.cpp...
compiling tim.c...
compiling stm32h7xx_hal_msp.c...
compiling stm32h7xx_it.c...
compiling stm32h7xx_hal_timebase_tim.c...
compiling stm32h7xx_hal_crc.c...
compiling stm32h7xx_hal_cortex.c...
compiling stm32h7xx_hal_crc_ex.c...
compiling stm32h7xx_hal_rcc.c...
compiling stm32h7xx_hal_flash.c...
compiling stm32h7xx_hal_flash_ex.c...
compiling stm32h7xx_hal_gpio.c...
compiling stm32h7xx_hal_hsem.c...
compiling stm32h7xx_hal_rcc_ex.c...
compiling stm32h7xx_hal_dma_ex.c...
compiling stm32h7xx_hal_pwr.c...
compiling stm32h7xx_hal_mdma.c...
compiling stm32h7xx_hal_pwr_ex.c...
compiling stm32h7xx_hal_i2c_ex.c...
compiling stm32h7xx_hal.c...
compiling stm32h7xx_hal_dma.c...
compiling stm32h7xx_hal_exti.c...
compiling stm32h7xx_ll_fmc.c...
compiling stm32h7xx_hal_sdram.c...
compiling stm32h7xx_hal_ltdc_ex.c...
compiling stm32h7xx_hal_dma2d.c...
compiling stm32h7xx_hal_i2c.c...
compiling stm32h7xx_hal_ltdc.c...
compiling croutine.c...
compiling event_groups.c...
compiling list.c...
compiling stm32h7xx_hal_qspi.c...
compiling timers.c...
compiling stream_buffer.c...
compiling system_stm32h7xx.c...
compiling queue.c...
compiling stm32h7xx_hal_tim_ex.c...
compiling heap_4.c...
compiling Model.cpp...
compiling tasks.c...
compiling port.c...
compiling FrontendApplication.cpp...
compiling stm32h7xx_hal_tim.c...
compiling cmsis_os.c...
compiling Screen1Presenter.cpp...
compiling Screen1View.cpp...
compiling ScreenMenuPresenter.cpp...
compiling ScreenMenuView.cpp...
compiling ScreenStartView.cpp...
compiling ScreenStartPresenter.cpp...
compiling ApplicationFontProvider.cpp...
compiling BitmapDatabase.cpp...
compiling Blue_Buttons_Round_Edge_small_pressed.cpp...
compiling Blue_Buttons_Round_Edge_small.cpp...
compiling Font_verdana_40_4bpp_0.cpp...
compiling Font_verdana_20_4bpp_0.cpp...
compiling Font_verdana_10_4bpp_0.cpp...
compiling CachedFont.cpp...
compiling GeneratedFont.cpp...
compiling Kerning_verdana_10_4bpp.cpp...
compiling Kerning_verdana_40_4bpp.cpp...
compiling Kerning_verdana_20_4bpp.cpp...
compiling FontCache.cpp...
compiling Table_verdana_10_4bpp.cpp...
compiling Screen1ViewBase.cpp...
compiling Table_verdana_20_4bpp.cpp...
compiling FrontendApplicationBase.cpp...
compiling Table_verdana_40_4bpp.cpp...
compiling TypedTextDatabase.cpp...
compiling Texts.cpp...
compiling bg_star.cpp...
compiling ScreenMenuViewBase.cpp...
compiling ScreenStartViewBase.cpp...
compiling ft5206.c...
D:/Keil_v5/ARM/ARMCLANG/include/stdbool.h(12): warning:  #47-D: incompatible redefinition of macro "__ARMCLIB_VERSION"  (declared at line 28 of "D:\Keil_v5\ARM\ARMCC\Bin\..\include\math.h")
  #define __ARMCLIB_VERSION 6120001
..\Bsp\ft5206.c: 1 warning, 0 errors
compiling tempsnip.cpp...
linking...
Program Size: Code=46476 RO-data=2040152 RW-data=544 ZI-data=41520  
FromELF: creating hex file...
"H750_Proj\H750_Proj.axf" - 0 Error(s), 3 Warning(s).

<h2>Software Packages used:</h2>

Package Vendor: ARM
                http://www.keil.com/pack/ARM.CMSIS.5.6.0.pack
                ARM.CMSIS.5.6.0
                CMSIS (Cortex Microcontroller Software Interface Standard)
   * Component: CORE Version: 5.3.0

Package Vendor: Keil
                https://www.keil.com/pack/Keil.STM32H7xx_DFP.2.3.0.pack
                Keil.STM32H7xx_DFP.2.3.0
                STMicroelectronics STM32H7 Series Device Support and Examples

<h2>Collection of Component include folders:</h2>
  .\RTE\_H750_Proj
  D:\Users\Administrator\AppData\Local\Arm\Packs\ARM\CMSIS\5.6.0\CMSIS\Core\Include
  D:\Users\Administrator\AppData\Local\Arm\Packs\Keil\STM32H7xx_DFP\2.3.0\Drivers\CMSIS\Device\ST\STM32H7xx\Include

<h2>Collection of Component Files used:</h2>

   * Component: ARM::CMSIS:CORE:5.3.0
Build Time Elapsed:  00:00:09
</pre>
</body>
</html>
